// Vitest Snapshot v1, https://vitest.dev/guide/snapshot.html

exports[`Golden — basic single, no RMD, $100k conversion > matches reviewed snapshot 1`] = `
{
  "failed": false,
  "rows": [
    {
      "conv": 100000,
      "irm": 0,
      "magi": 100000,
      "roth": 100000,
      "status": "single",
      "tax": 11729,
      "taxable": 488271,
      "ti": 77350,
      "trad": 400000,
      "y": 2026,
    },
    {
      "conv": 0,
      "irm": 0,
      "magi": 0,
      "roth": 100000,
      "status": "single",
      "tax": 0,
      "taxable": 488271,
      "ti": 0,
      "trad": 400000,
      "y": 2027,
    },
    {
      "conv": 0,
      "irm": 0,
      "magi": 0,
      "roth": 100000,
      "status": "single",
      "tax": 0,
      "taxable": 488271,
      "ti": 0,
      "trad": 400000,
      "y": 2028,
    },
    {
      "conv": 0,
      "irm": 0,
      "magi": 0,
      "roth": 100000,
      "status": "single",
      "tax": 0,
      "taxable": 488271,
      "ti": 0,
      "trad": 400000,
      "y": 2029,
    },
    {
      "conv": 0,
      "irm": 0,
      "magi": 0,
      "roth": 100000,
      "status": "single",
      "tax": 0,
      "taxable": 488271,
      "ti": 0,
      "trad": 400000,
      "y": 2030,
    },
    {
      "conv": 0,
      "irm": 0,
      "magi": 0,
      "roth": 100000,
      "status": "single",
      "tax": 0,
      "taxable": 488271,
      "ti": 0,
      "trad": 400000,
      "y": 2031,
    },
  ],
  "terminalNom": 988271,
  "totalNom": 11729,
}
`;

exports[`Golden — optimizer winner on widow household > winner strategy summary matches reviewed snapshot 1`] = `
{
  "convTot": 0,
  "failed": false,
  "terminalNom": 1639943,
  "totalNom": 60057,
}
`;

exports[`Golden — widow transition household (baseline, no conversions) > matches reviewed snapshot 1`] = `
{
  "failed": false,
  "rows": [
    {
      "conv": 0,
      "irm": 0,
      "magi": 62290,
      "roth": 0,
      "status": "mfj",
      "tax": 1479,
      "taxable": 834232,
      "ti": 14790,
      "trad": 864289,
      "y": 2026,
    },
    {
      "conv": 0,
      "irm": 0,
      "magi": 62100,
      "roth": 0,
      "status": "mfj",
      "tax": 1460,
      "taxable": 868380,
      "ti": 14600,
      "trad": 828681,
      "y": 2027,
    },
    {
      "conv": 0,
      "irm": 0,
      "magi": 61622,
      "roth": 0,
      "status": "mfj",
      "tax": 1412,
      "taxable": 902318,
      "ti": 14122,
      "trad": 793331,
      "y": 2028,
    },
    {
      "conv": 0,
      "irm": 0,
      "magi": 61332,
      "roth": 0,
      "status": "mfj",
      "tax": 2604,
      "taxable": 934907,
      "ti": 25832,
      "trad": 758138,
      "y": 2029,
    },
    {
      "conv": 0,
      "irm": 0,
      "magi": 60940,
      "roth": 0,
      "status": "mfj",
      "tax": 2557,
      "taxable": 967331,
      "ti": 25440,
      "trad": 723157,
      "y": 2030,
    },
    {
      "conv": 0,
      "irm": 0,
      "magi": 60628,
      "roth": 0,
      "status": "mfj",
      "tax": 2519,
      "taxable": 999625,
      "ti": 25128,
      "trad": 688344,
      "y": 2031,
    },
    {
      "conv": 0,
      "irm": 0,
      "magi": 52952,
      "roth": 0,
      "status": "single",
      "tax": 3928,
      "taxable": 1028319,
      "ti": 34802,
      "trad": 655721,
      "y": 2032,
    },
    {
      "conv": 0,
      "irm": 0,
      "magi": 52654,
      "roth": 0,
      "status": "single",
      "tax": 3892,
      "taxable": 1056888,
      "ti": 34504,
      "trad": 623260,
      "y": 2033,
    },
    {
      "conv": 0,
      "irm": 0,
      "magi": 52035,
      "roth": 0,
      "status": "single",
      "tax": 3818,
      "taxable": 1085197,
      "ti": 33885,
      "trad": 591133,
      "y": 2034,
    },
    {
      "conv": 0,
      "irm": 0,
      "magi": 51713,
      "roth": 0,
      "status": "single",
      "tax": 3780,
      "taxable": 1113370,
      "ti": 33563,
      "trad": 559180,
      "y": 2035,
    },
    {
      "conv": 0,
      "irm": 0,
      "magi": 51045,
      "roth": 0,
      "status": "single",
      "tax": 3699,
      "taxable": 1141263,
      "ti": 32895,
      "trad": 527588,
      "y": 2036,
    },
    {
      "conv": 0,
      "irm": 0,
      "magi": 50697,
      "roth": 0,
      "status": "single",
      "tax": 3658,
      "taxable": 1169009,
      "ti": 32547,
      "trad": 496184,
      "y": 2037,
    },
    {
      "conv": 0,
      "irm": 0,
      "magi": 49971,
      "roth": 0,
      "status": "single",
      "tax": 3571,
      "taxable": 1196450,
      "ti": 31821,
      "trad": 465172,
      "y": 2038,
    },
    {
      "conv": 0,
      "irm": 0,
      "magi": 49216,
      "roth": 0,
      "status": "single",
      "tax": 3480,
      "taxable": 1223574,
      "ti": 31066,
      "trad": 434569,
      "y": 2039,
    },
    {
      "conv": 0,
      "irm": 0,
      "magi": 48430,
      "roth": 0,
      "status": "single",
      "tax": 3386,
      "taxable": 1250367,
      "ti": 30280,
      "trad": 404390,
      "y": 2040,
    },
    {
      "conv": 0,
      "irm": 0,
      "magi": 47207,
      "roth": 0,
      "status": "single",
      "tax": 3239,
      "taxable": 1276645,
      "ti": 29057,
      "trad": 374873,
      "y": 2041,
    },
    {
      "conv": 0,
      "irm": 0,
      "magi": 46361,
      "roth": 0,
      "status": "single",
      "tax": 3137,
      "taxable": 1302568,
      "ti": 28211,
      "trad": 345813,
      "y": 2042,
    },
    {
      "conv": 0,
      "irm": 0,
      "magi": 45039,
      "roth": 0,
      "status": "single",
      "tax": 2979,
      "taxable": 1327934,
      "ti": 26889,
      "trad": 317468,
      "y": 2043,
    },
    {
      "conv": 0,
      "irm": 0,
      "magi": 43671,
      "roth": 0,
      "status": "single",
      "tax": 2815,
      "taxable": 1352726,
      "ti": 25521,
      "trad": 289862,
      "y": 2044,
    },
    {
      "conv": 0,
      "irm": 0,
      "magi": 42252,
      "roth": 0,
      "status": "single",
      "tax": 2644,
      "taxable": 1376921,
      "ti": 24102,
      "trad": 263023,
      "y": 2045,
    },
  ],
  "terminalNom": 1639943,
  "totalNom": 60057,
}
`;
